******************************************************************************
                  MSP430 Linker PC v4.1.5                      
******************************************************************************
>> Linked Wed May 28 13:24:12 2014

OUTPUT FILE NAME:   <Project.out>
ENTRY POINT SYMBOL: "_c_int00"  address: 0000c79e


MEMORY CONFIGURATION

         name            origin    length      used     unused   attr    fill
----------------------  --------  ---------  --------  --------  ----  --------
  SFR                   00000000   00000010  00000000  00000010  RWIX
  PERIPHERALS_8BIT      00000010   000000f0  00000000  000000f0  RWIX
  PERIPHERALS_16BIT     00000100   00000100  00000000  00000100  RWIX
  RAM                   00000200   00000200  00000146  000000ba  RWIX
  INFOD                 00001000   00000040  00000000  00000040  RWIX
  INFOC                 00001040   00000040  00000000  00000040  RWIX
  INFOB                 00001080   00000040  00000000  00000040  RWIX
  INFOA                 000010c0   00000040  00000000  00000040  RWIX
  FLASH                 0000c000   00003fe0  000009b4  0000362c  RWIX
  INT00                 0000ffe0   00000002  00000000  00000002  RWIX
  INT01                 0000ffe2   00000002  00000000  00000002  RWIX
  INT02                 0000ffe4   00000002  00000000  00000002  RWIX
  INT03                 0000ffe6   00000002  00000000  00000002  RWIX
  INT04                 0000ffe8   00000002  00000000  00000002  RWIX
  INT05                 0000ffea   00000002  00000002  00000000  RWIX
  INT06                 0000ffec   00000002  00000000  00000002  RWIX
  INT07                 0000ffee   00000002  00000002  00000000  RWIX
  INT08                 0000fff0   00000002  00000000  00000002  RWIX
  INT09                 0000fff2   00000002  00000002  00000000  RWIX
  INT10                 0000fff4   00000002  00000000  00000002  RWIX
  INT11                 0000fff6   00000002  00000000  00000002  RWIX
  INT12                 0000fff8   00000002  00000000  00000002  RWIX
  INT13                 0000fffa   00000002  00000000  00000002  RWIX
  INT14                 0000fffc   00000002  00000000  00000002  RWIX
  RESET                 0000fffe   00000002  00000002  00000000  RWIX


SECTION ALLOCATION MAP

 output                                  attributes/
section   page    origin      length       input sections
--------  ----  ----------  ----------   ----------------
.init_array 
*          0    0000c000    00000000     UNINITIALIZED

.bss       0    00000200    0000007c     UNINITIALIZED
                  00000200    0000007c     main.obj (.bss)

.TI.noinit 
*          0    00000200    00000000     UNINITIALIZED

.data      0    0000027c    0000007a     
                  0000027c    00000019     main.obj (.data:WSKEY)
                  00000295    00000001     --HOLE--
                  00000296    00000018     main.obj (.data:WAKEY)
                  000002ae    0000000a     main.obj (.data:AT_WSSSID)
                  000002b8    0000000a     main.obj (.data:WSSSID)
                  000002c2    00000009     main.obj (.data:AT_WAKEY)
                  000002cb    00000001     --HOLE--
                  000002cc    00000009     main.obj (.data:AT_WMODE)
                  000002d5    00000001     --HOLE--
                  000002d6    00000009     main.obj (.data:AT_WSKEY)
                  000002df    00000001     --HOLE--
                  000002e0    00000008     main.obj (.data:AT_WMODE_APSTA)
                  000002e8    00000006     main.obj (.data:AT_Z)
                  000002ee    00000004     main.obj (.data)
                  000002f2    00000004     main.obj (.data:transf_cmd)

.TI.persistent 
*          0    0000027c    00000000     UNINITIALIZED

.stack     0    000003b0    00000050     UNINITIALIZED
                  000003b0    00000002     rts430_eabi.lib : boot.obj (.stack)
                  000003b2    0000004e     --HOLE--

.text      0    0000c000    000008d6     
                  0000c000    00000152     main.obj (.text:wifi_APSTA)
                  0000c152    000000f8     main.obj (.text:AM2321_READ)
                  0000c24a    000000e4     main.obj (.text:main)
                  0000c32e    0000009a     main.obj (.text:wifi_transf_cmd)
                  0000c3c8    00000078     main.obj (.text:SEND_INT_TO_STR)
                  0000c440    0000005e     rts430_eabi.lib : copy_decompress_rle.obj (.text:__TI_decompress_rle_core)
                  0000c49e    0000005e                     : autoinit.obj (.text:_auto_init)
                  0000c4fc    00000058     main.obj (.text:SOIL_RESI_MEASURE)
                  0000c554    00000058     rts430_eabi.lib : div32u.obj (.text)
                  0000c5ac    00000054     main.obj (.text:CD4052_CHANNEL)
                  0000c600    00000052     main.obj (.text:ILLU_INTE_MEASURE)
                  0000c652    0000004c     main.obj (.text:RECEIVE)
                  0000c69e    00000040     rts430_eabi.lib : div32s.obj (.text)
                  0000c6de    00000034     main.obj (.text:AM2321_MEASURE)
                  0000c712    0000002c     main.obj (.text:DELAYSECONDS_CPUSLEEP)
                  0000c73e    00000026     rts430_eabi.lib : mult32.obj (.text)
                  0000c764    00000020     main.obj (.text:Init_UCA0)
                  0000c784    0000001a     main.obj (.text:USCI0RX_ISR1)
                  0000c79e    0000001a     rts430_eabi.lib : boot.obj (.text:_c_int00_noexit)
                  0000c7b8    00000018     main.obj (.text:TIMER0_A0_ISR)
                  0000c7d0    00000016     rts430_eabi.lib : div16u.obj (.text)
                  0000c7e6    00000014     main.obj (.text:ADC10_INIT)
                  0000c7fa    00000014     rts430_eabi.lib : copy_zero_init.obj (.text:decompress:ZI:__TI_zero_init)
                  0000c80e    00000014                     : mult16.obj (.text)
                  0000c822    00000014     main.obj (.text:sendstring)
                  0000c836    00000012     rts430_eabi.lib : copy_decompress_none.obj (.text:decompress:none:__TI_decompress_none)
                  0000c848    00000012                     : memcpy.obj (.text:memcpy)
                  0000c85a    00000010     main.obj (.text:ADC10_READ)
                  0000c86a    00000010     main.obj (.text:delete)
                  0000c87a    00000010     rts430_eabi.lib : epilog.obj (.text)
                  0000c88a    0000000e     main.obj (.text:ADC10_ISR)
                  0000c898    0000000e     main.obj (.text:SETDCO_1MHz)
                  0000c8a6    0000000c     main.obj (.text:SETDCO_LOWEST_FREQUENT)
                  0000c8b2    0000000c     main.obj (.text:sendchar)
                  0000c8be    0000000a     main.obj (.text:restar)
                  0000c8c8    00000006     rts430_eabi.lib : copy_decompress_rle.obj (.text:decompress:rle24:__TI_decompress_rle24)
                  0000c8ce    00000004                     : pre_init.obj (.text:_system_pre_init)
                  0000c8d2    00000004                     : exit.obj (.text:abort)

.const     0    0000c8d6    0000004e     
                  0000c8d6    0000003c     main.obj (.const:.string)
                  0000c912    00000012     main.obj (.const)

.cinit     0    0000c924    00000090     
                  0000c924    0000007e     (.cinit..data.load) [load image]
                  0000c9a2    00000006     (__TI_handler_table)
                  0000c9a8    00000004     (.cinit..bss.load) [load image, compression = zero_init]
                  0000c9ac    00000008     (__TI_cinit_table)

ADC10      0    0000ffea    00000002     
                  0000ffea    00000002     main.obj (.int05)

USCIAB0RX 
*          0    0000ffee    00000002     
                  0000ffee    00000002     main.obj (.int07)

TIMER0_A0 
*          0    0000fff2    00000002     
                  0000fff2    00000002     main.obj (.int09)

.reset     0    0000fffe    00000002     
                  0000fffe    00000002     rts430_eabi.lib : boot.obj (.reset)


LINKER GENERATED COPY TABLES

__TI_cinit_table @ 0000c9ac records: 2, size/record: 4, table size: 8
	.data: load addr=0000c924, load size=0000007e bytes, run addr=0000027c, run size=0000007a bytes, compression=copy
	.bss: load addr=0000c9a8, load size=00000004 bytes, run addr=00000200, run size=0000007c bytes, compression=zero_init


LINKER GENERATED HANDLER TABLE

__TI_handler_table @ 0000c9a2 records: 3, size/record: 2, table size: 6
	index: 0, handler: __TI_zero_init
	index: 1, handler: __TI_decompress_rle24
	index: 2, handler: __TI_decompress_none


GLOBAL SYMBOLS: SORTED ALPHABETICALLY BY Name 

address    name
--------   ----
0000004a   ADC10AE0
000001b0   ADC10CTL0
000001b2   ADC10CTL1
00000048   ADC10DTC0
00000049   ADC10DTC1
000001b4   ADC10MEM
000001bc   ADC10SA
0000c7e6   ADC10_INIT
0000c88a   ADC10_ISR
0000c85a   ADC10_READ
0000c6de   AM2321_MEASURE
0000c152   AM2321_READ
000002c2   AT_WAKEY
000002cc   AT_WMODE
000002e0   AT_WMODE_APSTA
000002d6   AT_WSKEY
000002ae   AT_WSSSID
000002e8   AT_Z
00000057   BCSCTL1
00000058   BCSCTL2
00000053   BCSCTL3
0000c8d2   C$$EXIT
00000059   CACTL1
0000005a   CACTL2
000010fb   CALBC1_12MHZ
000010f9   CALBC1_16MHZ
000010ff   CALBC1_1MHZ
000010fd   CALBC1_8MHZ
000010fa   CALDCO_12MHZ
000010f8   CALDCO_16MHZ
000010fe   CALDCO_1MHZ
000010fc   CALDCO_8MHZ
0000005b   CAPD
0000c5ac   CD4052_CHANNEL
00000056   DCOCTL
0000c712   DELAYSECONDS_CPUSLEEP
00000128   FCTL1
0000012a   FCTL2
0000012c   FCTL3
00000000   IE1
00000001   IE2
00000002   IFG1
00000003   IFG2
0000c918   ILLU_INTE_1_ADC10VALUE
0000c91a   ILLU_INTE_2_ADC10VALUE
0000c91c   ILLU_INTE_3_ADC10VALUE
0000c91e   ILLU_INTE_4_ADC10VALUE
0000c920   ILLU_INTE_5_ADC10VALUE
0000c922   ILLU_INTE_6_ADC10VALUE
0000c600   ILLU_INTE_MEASURE
0000c764   Init_UCA0
00000022   P1DIR
00000025   P1IE
00000024   P1IES
00000023   P1IFG
00000020   P1IN
00000021   P1OUT
00000027   P1REN
00000026   P1SEL
00000041   P1SEL2
0000002a   P2DIR
0000002d   P2IE
0000002c   P2IES
0000002b   P2IFG
00000028   P2IN
00000029   P2OUT
0000002f   P2REN
0000002e   P2SEL
00000042   P2SEL2
0000001a   P3DIR
00000018   P3IN
00000019   P3OUT
00000010   P3REN
0000001b   P3SEL
00000043   P3SEL2
0000c652   RECEIVE
00000218   RX_BUF
000002f0   RXi
0000c3c8   SEND_INT_TO_STR
0000c898   SETDCO_1MHz
0000c8a6   SETDCO_LOWEST_FREQUENT
0000c912   SOILPOINT_SHORTCIRCUIT_ADC10VALUE
0000c914   SOIL_DIV_RESI_VALUE
0000c4fc   SOIL_RESI_MEASURE
00000172   TA0CCR0
00000174   TA0CCR1
00000176   TA0CCR2
00000162   TA0CCTL0
00000164   TA0CCTL1
00000166   TA0CCTL2
00000160   TA0CTL
0000012e   TA0IV
00000170   TA0R
00000192   TA1CCR0
00000194   TA1CCR1
00000196   TA1CCR2
00000182   TA1CCTL0
00000184   TA1CCTL1
00000186   TA1CCTL2
00000180   TA1CTL
0000011e   TA1IV
00000190   TA1R
0000c7b8   TIMER0_A0_ISR
0000005d   UCA0ABCTL
00000062   UCA0BR0
00000063   UCA0BR1
00000060   UCA0CTL0
00000061   UCA0CTL1
0000005f   UCA0IRRCTL
0000005e   UCA0IRTCTL
00000064   UCA0MCTL
00000066   UCA0RXBUF
00000065   UCA0STAT
00000067   UCA0TXBUF
0000006a   UCB0BR0
0000006b   UCB0BR1
00000068   UCB0CTL0
00000069   UCB0CTL1
0000006c   UCB0I2CIE
00000118   UCB0I2COA
0000011a   UCB0I2CSA
0000006e   UCB0RXBUF
0000006d   UCB0STAT
0000006f   UCB0TXBUF
0000c784   USCI0RX_ISR1
00000296   WAKEY
00000120   WDTCTL
0000027c   WSKEY
000002b8   WSSSID
00000400   __STACK_END
00000050   __STACK_SIZE
0000c9ac   __TI_CINIT_Base
0000c9b4   __TI_CINIT_Limit
0000c9a2   __TI_Handler_Table_Base
0000c9a8   __TI_Handler_Table_Limit
UNDEFED    __TI_INITARRAY_Base
UNDEFED    __TI_INITARRAY_Limit
00000001   __TI_args_main
0000c836   __TI_decompress_none
0000c8c8   __TI_decompress_rle24
00000001   __TI_exit
0000c7fa   __TI_zero_init
ffffffff   __binit__
ffffffff   __c_args__
0000c69e   __mspabi_divli
0000c7d0   __mspabi_divu
0000c554   __mspabi_divul
0000c886   __mspabi_func_epilog_1
0000c884   __mspabi_func_epilog_2
0000c882   __mspabi_func_epilog_3
0000c880   __mspabi_func_epilog_4
0000c87e   __mspabi_func_epilog_5
0000c87c   __mspabi_func_epilog_6
0000c87a   __mspabi_func_epilog_7
0000c80e   __mspabi_mpyi
0000c73e   __mspabi_mpyl
0000c69e   __mspabi_remli
0000c7d0   __mspabi_remu
0000c554   __mspabi_remul
0000c49e   _auto_init
0000c79e   _c_int00
0000c79e   _c_int00_noexit
0000fffe   _reset_vector
000003b0   _stack
0000c8ce   _system_pre_init
0000c8d2   abort
ffffffff   binit
0000020b   cal
0000020a   check
0000c86a   delete
000002ee   flag
00000204   humd16
00000208   humdh
00000209   humdl
0000020c   itemp
0000c24a   main
0000c848   memcpy
00000200   modecount
0000c8be   restar
0000c8b2   sendchar
0000c822   sendstring
00000202   temp16
00000206   temph
00000207   templ
000002f2   transf_cmd
0000c000   wifi_APSTA
0000c32e   wifi_transf_cmd


GLOBAL SYMBOLS: SORTED BY Symbol Address 

address    name
--------   ----
00000000   IE1
00000001   IE2
00000001   __TI_args_main
00000001   __TI_exit
00000002   IFG1
00000003   IFG2
00000010   P3REN
00000018   P3IN
00000019   P3OUT
0000001a   P3DIR
0000001b   P3SEL
00000020   P1IN
00000021   P1OUT
00000022   P1DIR
00000023   P1IFG
00000024   P1IES
00000025   P1IE
00000026   P1SEL
00000027   P1REN
00000028   P2IN
00000029   P2OUT
0000002a   P2DIR
0000002b   P2IFG
0000002c   P2IES
0000002d   P2IE
0000002e   P2SEL
0000002f   P2REN
00000041   P1SEL2
00000042   P2SEL2
00000043   P3SEL2
00000048   ADC10DTC0
00000049   ADC10DTC1
0000004a   ADC10AE0
00000050   __STACK_SIZE
00000053   BCSCTL3
00000056   DCOCTL
00000057   BCSCTL1
00000058   BCSCTL2
00000059   CACTL1
0000005a   CACTL2
0000005b   CAPD
0000005d   UCA0ABCTL
0000005e   UCA0IRTCTL
0000005f   UCA0IRRCTL
00000060   UCA0CTL0
00000061   UCA0CTL1
00000062   UCA0BR0
00000063   UCA0BR1
00000064   UCA0MCTL
00000065   UCA0STAT
00000066   UCA0RXBUF
00000067   UCA0TXBUF
00000068   UCB0CTL0
00000069   UCB0CTL1
0000006a   UCB0BR0
0000006b   UCB0BR1
0000006c   UCB0I2CIE
0000006d   UCB0STAT
0000006e   UCB0RXBUF
0000006f   UCB0TXBUF
00000118   UCB0I2COA
0000011a   UCB0I2CSA
0000011e   TA1IV
00000120   WDTCTL
00000128   FCTL1
0000012a   FCTL2
0000012c   FCTL3
0000012e   TA0IV
00000160   TA0CTL
00000162   TA0CCTL0
00000164   TA0CCTL1
00000166   TA0CCTL2
00000170   TA0R
00000172   TA0CCR0
00000174   TA0CCR1
00000176   TA0CCR2
00000180   TA1CTL
00000182   TA1CCTL0
00000184   TA1CCTL1
00000186   TA1CCTL2
00000190   TA1R
00000192   TA1CCR0
00000194   TA1CCR1
00000196   TA1CCR2
000001b0   ADC10CTL0
000001b2   ADC10CTL1
000001b4   ADC10MEM
000001bc   ADC10SA
00000200   modecount
00000202   temp16
00000204   humd16
00000206   temph
00000207   templ
00000208   humdh
00000209   humdl
0000020a   check
0000020b   cal
0000020c   itemp
00000218   RX_BUF
0000027c   WSKEY
00000296   WAKEY
000002ae   AT_WSSSID
000002b8   WSSSID
000002c2   AT_WAKEY
000002cc   AT_WMODE
000002d6   AT_WSKEY
000002e0   AT_WMODE_APSTA
000002e8   AT_Z
000002ee   flag
000002f0   RXi
000002f2   transf_cmd
000003b0   _stack
00000400   __STACK_END
000010f8   CALDCO_16MHZ
000010f9   CALBC1_16MHZ
000010fa   CALDCO_12MHZ
000010fb   CALBC1_12MHZ
000010fc   CALDCO_8MHZ
000010fd   CALBC1_8MHZ
000010fe   CALDCO_1MHZ
000010ff   CALBC1_1MHZ
0000c000   wifi_APSTA
0000c152   AM2321_READ
0000c24a   main
0000c32e   wifi_transf_cmd
0000c3c8   SEND_INT_TO_STR
0000c49e   _auto_init
0000c4fc   SOIL_RESI_MEASURE
0000c554   __mspabi_divul
0000c554   __mspabi_remul
0000c5ac   CD4052_CHANNEL
0000c600   ILLU_INTE_MEASURE
0000c652   RECEIVE
0000c69e   __mspabi_divli
0000c69e   __mspabi_remli
0000c6de   AM2321_MEASURE
0000c712   DELAYSECONDS_CPUSLEEP
0000c73e   __mspabi_mpyl
0000c764   Init_UCA0
0000c784   USCI0RX_ISR1
0000c79e   _c_int00
0000c79e   _c_int00_noexit
0000c7b8   TIMER0_A0_ISR
0000c7d0   __mspabi_divu
0000c7d0   __mspabi_remu
0000c7e6   ADC10_INIT
0000c7fa   __TI_zero_init
0000c80e   __mspabi_mpyi
0000c822   sendstring
0000c836   __TI_decompress_none
0000c848   memcpy
0000c85a   ADC10_READ
0000c86a   delete
0000c87a   __mspabi_func_epilog_7
0000c87c   __mspabi_func_epilog_6
0000c87e   __mspabi_func_epilog_5
0000c880   __mspabi_func_epilog_4
0000c882   __mspabi_func_epilog_3
0000c884   __mspabi_func_epilog_2
0000c886   __mspabi_func_epilog_1
0000c88a   ADC10_ISR
0000c898   SETDCO_1MHz
0000c8a6   SETDCO_LOWEST_FREQUENT
0000c8b2   sendchar
0000c8be   restar
0000c8c8   __TI_decompress_rle24
0000c8ce   _system_pre_init
0000c8d2   C$$EXIT
0000c8d2   abort
0000c912   SOILPOINT_SHORTCIRCUIT_ADC10VALUE
0000c914   SOIL_DIV_RESI_VALUE
0000c918   ILLU_INTE_1_ADC10VALUE
0000c91a   ILLU_INTE_2_ADC10VALUE
0000c91c   ILLU_INTE_3_ADC10VALUE
0000c91e   ILLU_INTE_4_ADC10VALUE
0000c920   ILLU_INTE_5_ADC10VALUE
0000c922   ILLU_INTE_6_ADC10VALUE
0000c9a2   __TI_Handler_Table_Base
0000c9a8   __TI_Handler_Table_Limit
0000c9ac   __TI_CINIT_Base
0000c9b4   __TI_CINIT_Limit
0000fffe   _reset_vector
ffffffff   __binit__
ffffffff   __c_args__
ffffffff   binit
UNDEFED    __TI_INITARRAY_Base
UNDEFED    __TI_INITARRAY_Limit

[187 symbols]
